Microsoft Windows [versão 10.0.22000.493]
(c) Microsoft Corporation. Todos os direitos reservados.

C:\Users\CAMARGO>cd/

C:\>npx create-expo-app aula1611
Need to install the following packages:
  create-expo-app
Ok to proceed? (y) y
√ Downloaded and extracted project files.
√ Installed JavaScript dependencies.

✅ Your project is ready!

To run your project, navigate to the directory and run one of the following npm commands.

- cd aula1611
- npm run android
- npm run ios # you need to use macOS to build the iOS project - use the Expo app if you need to do iOS development without a Mac
- npm run web
npm notice
npm notice New major version of npm available! 8.3.1 -> 9.1.1
npm notice Changelog: https://github.com/npm/cli/releases/tag/v9.1.1
npm notice Run npm install -g npm@9.1.1 to update!
npm notice

C:\>cd aula1611

C:\aula1611>npm run web

> aula1611@1.0.0 web
> expo start --web

Starting project at C:\aula1611
CommandError: It looks like you're trying to use web support but don't have the required dependencies installed.

Please install react-native-web@~0.18.9, react-dom@18.1.0, @expo/webpack-config@^0.17.2 by running:

npx expo install react-native-web@~0.18.9 react-dom@18.1.0 @expo/webpack-config@^0.17.2

If you're not using web, please ensure you remove the "web" string from the platforms array in the project Expo config.


C:\aula1611>npx expo install react-native-web@~0.18.9 react-dom@18.1.0 @expo/webpack-config@^0.17.2
› Installing 3 SDK 47.0.0 compatible native modules using npm
> npm install
npm WARN deprecated stable@0.1.8: Modern JS already guarantees Array#sort() is a stable sort, so this library is deprecated. See the compatibility table on MDN: https://developer.mozilla.org/en-US/docs/Web/JavaScript/Reference/Global_Objects/Array/sort#browser_compatibility
npm WARN deprecated querystring@0.2.0: The querystring API is considered Legacy. new code should use the URLSearchParams API instead.
npm WARN deprecated chokidar@2.1.8: Chokidar 2 does not receive security updates since 2019. Upgrade to chokidar 3 with 15x fewer dependencies
npm WARN deprecated chokidar@2.1.8: Chokidar 2 does not receive security updates since 2019. Upgrade to chokidar 3 with 15x fewer dependencies
npm WARN deprecated svgo@1.3.2: This SVGO version is no longer supported. Upgrade to v2.x.x.

added 690 packages, and audited 1811 packages in 58s

126 packages are looking for funding
  run `npm fund` for details

23 vulnerabilities (3 moderate, 16 high, 4 critical)

To address issues that do not require attention, run:
  npm audit fix

To address all issues (including breaking changes), run:
  npm audit fix --force

Run `npm audit` for details.


C:\aula1611>npm run web

> aula1611@1.0.0 web
> expo start --web

Starting project at C:\aula1611
Starting Metro Bundler
Starting Webpack on port 19006 in development mode.
‼ ｢wds｣: transportMode is an experimental option, meaning its usage could potentially change without warning
▄▄▄▄▄▄▄▄▄▄▄▄▄▄▄▄▄▄▄▄▄▄▄▄▄▄▄
█ ▄▄▄▄▄ █   █▄ ▀▄▀█ ▄▄▄▄▄ █
█ █   █ █ ▀▄ █▀█ ▄█ █   █ █
█ █▄▄▄█ █▀██▀▀▀▀▄██ █▄▄▄█ █
█▄▄▄▄▄▄▄█▄▀▄█ █ █▄█▄▄▄▄▄▄▄█
█ ▄██▄ ▄▀█▀▀▄▀█▄ ███ ▀▄▄ ▄█
██▄▄  ▀▄▄ █▀ ▄▄█▄ ▀ █▄  ▀██
█▀▄█▄ █▄ ██▄█▄▀▄▀▄▀▄▀▀▄ ▀██
███ ▀██▄▀ ▄▄█▀█▀▄▄▄█▄▀ ▀███
█▄▄▄▄█▄▄▄ ▀▀▄ █▄▄ ▄▄▄ ▀ ▄▄█
█ ▄▄▄▄▄ █▀█  ██▀▀ █▄█ ▀▀███
█ █   █ █▄▄█▀▀▀▄█▄▄ ▄▄▀ ▀▀█
█ █▄▄▄█ █▀ █ ███▄██▄▀█▀▀ ██
█▄▄▄▄▄▄▄█▄█████▄████▄▄▄▄▄▄█

› Metro waiting on exp://192.168.2.109:19000
› Scan the QR code above with Expo Go (Android) or the Camera app (iOS)

› Web is waiting on http://localhost:19006

› Press a │ open Android
› Press w │ open web

› Press j │ open debugger
› Press r │ reload app
› Press m │ toggle menu

› Press ? │ show all commands

Logs for your project will appear below. Press Ctrl+C to exit.
Error from chokidar (C:\): Error: EBUSY: resource busy or locked, lstat 'C:\DumpStack.log.tmp'
› Stopped server

C:\aula1611>code .

C:\aula1611>npx expo install firebase
› Installing 1 other package using npm
> npm install --save firebase

added 81 packages, and audited 1892 packages in 1m

126 packages are looking for funding
  run `npm fund` for details

23 vulnerabilities (3 moderate, 16 high, 4 critical)

To address issues that do not require attention, run:
  npm audit fix

To address all issues (including breaking changes), run:
  npm audit fix --force

Run `npm audit` for details.


C:\aula1611>